Reusing configuration cache.
> Task :composeApp:convertXmlValueResourcesForWebMain NO-SOURCE
> Task :shared:kmpPartiallyResolvedDependenciesChecker
> Task :composeApp:generateExpectResourceCollectorsForCommonMain UP-TO-DATE
> Task :composeApp:kmpPartiallyResolvedDependenciesChecker
> Task :composeApp:convertXmlValueResourcesForWasmJsMain NO-SOURCE
> Task :composeApp:wasmJsResolveResourcesFromDependencies UP-TO-DATE
> Task :kotlinWasmRestoreYarnLock UP-TO-DATE
> Task :composeApp:convertXmlValueResourcesForCommonMain NO-SOURCE
> Task :composeApp:generateComposeResClass UP-TO-DATE
> Task :kotlinWasmKotlinNpmCachesSetup
> Task :composeApp:copyNonXmlValueResourcesForWebMain NO-SOURCE
> Task :shared:checkKotlinGradlePluginConfigurationErrors SKIPPED
> Task :composeApp:checkKotlinGradlePluginConfigurationErrors SKIPPED
> Task :composeApp:unpackSkikoWasmRuntime UP-TO-DATE
> Task :composeApp:copyNonXmlValueResourcesForWasmJsMain NO-SOURCE
> Task :composeApp:processSkikoRuntimeForKWasm UP-TO-DATE
> Task :composeApp:copyNonXmlValueResourcesForCommonMain UP-TO-DATE
> Task :composeApp:prepareComposeResourcesTaskForWebMain NO-SOURCE
> Task :composeApp:generateResourceAccessorsForWebMain NO-SOURCE
> Task :shared:wasmJsPackageJson UP-TO-DATE
> Task :composeApp:prepareComposeResourcesTaskForWasmJsMain NO-SOURCE
> Task :composeApp:generateResourceAccessorsForWasmJsMain NO-SOURCE
> Task :composeApp:wasmJsPackageJson UP-TO-DATE
> Task :shared:wasmJsTestPackageJson UP-TO-DATE
> Task :shared:compileKotlinWasmJs UP-TO-DATE
> Task :composeApp:wasmJsTestPackageJson UP-TO-DATE
> Task :composeApp:prepareComposeResourcesTaskForCommonMain UP-TO-DATE
> Task :composeApp:generateResourceAccessorsForCommonMain UP-TO-DATE
> Task :composeApp:assembleWasmJsMainResources UP-TO-DATE
> Task :shared:wasmJsPublicPackageJson UP-TO-DATE
> Task :composeApp:generateActualResourceCollectorsForWasmJsMain UP-TO-DATE
> Task :composeApp:wasmJsResolveSelfResourcesCopyHierarchicalMultiplatformResources UP-TO-DATE
> Task :composeApp:wasmJsAggregateResources UP-TO-DATE
> Task :composeApp:wasmJsProcessResources UP-TO-DATE
> Task :shared:wasmJsTestPublicPackageJson UP-TO-DATE
> Task :composeApp:wasmJsPublicPackageJson UP-TO-DATE
> Task :composeApp:wasmJsTestPublicPackageJson UP-TO-DATE
> Task :kotlinWasmPackageJsonUmbrella UP-TO-DATE
> Task :wasmRootPackageJson UP-TO-DATE
> Task :kotlinWasmNodeJsSetup UP-TO-DATE
> Task :kotlinWasmYarnSetup UP-TO-DATE
> Task :kotlinWasmNpmInstall UP-TO-DATE
> Task :kotlinWasmStoreYarnLock UP-TO-DATE
> Task :kotlinWasmToolingSetup UP-TO-DATE

> Task :composeApp:compileKotlinWasmJs FAILED
./gradlew : e: file:///C:/Users/kubam/Projekty/FieldBooking/SportsFie
ldBooking/composeApp/src/commonMain/kotlin/org/pracainzynierska/sport
booking/App.kt:32:2 Syntax error: imports are only allowed in the beg
inning of file.
At line:1 char:1
+ ./gradlew :composeApp:wasmJsBrowserDevelopmentRun > build_output.tx
t  ...
+ ~~~~~~~~~~~~~~~~~~~~~~~~~~~~~~~~~~~~~~~~~~~~~~~~~~~~~~~~~~~~~~~~~~~
~~
    + CategoryInfo          : NotSpecified: (e: file:///C:/U...innin 
   g of file.:String) [], RemoteException
    + FullyQualifiedErrorId : NativeCommandError
 
e: file:///C:/Users/kubam/Projekty/FieldBooking/SportsFieldBooking/co
mposeApp/src/commonMain/kotlin/org/pracainzynierska/sportbooking/App.
kt:161:93 Argument type mismatch: actual type is 'SportApi', but 'Fun
ction0<Unit>' was expected.
e: file:///C:/Users/kubam/Projekty/FieldBooking/SportsFieldBooking/co
mposeApp/src/commonMain/kotlin/org/pracainzynierska/sportbooking/App.
kt:161:98 Too many arguments for 'fun FacilityManagerScreen(facility:
 FacilityDto, onBack: () -> Unit): Unit'.
e: file:///C:/Users/kubam/Projekty/FieldBooking/SportsFieldBooking/co
mposeApp/src/commonMain/kotlin/org/pracainzynierska/sportbooking/App.
kt:161:113 Too many arguments for 'fun FacilityManagerScreen(facility
: FacilityDto, onBack: () -> Unit): Unit'.
e: file:///C:/Users/kubam/Projekty/FieldBooking/SportsFieldBooking/co
mposeApp/src/commonMain/kotlin/org/pracainzynierska/sportbooking/App.
kt:194:37 No parameter with name 'currentUser' found.
e: file:///C:/Users/kubam/Projekty/FieldBooking/SportsFieldBooking/co
mposeApp/src/commonMain/kotlin/org/pracainzynierska/sportbooking/App.
kt:205:2 Syntax error: Expecting '}'.
e: file:///C:/Users/kubam/Projekty/FieldBooking/SportsFieldBooking/co
mposeApp/src/commonMain/kotlin/org/pracainzynierska/sportbooking/scre
ens/OwnerDashboardScreen.kt:21:2 Syntax error: imports are only allow
ed in the beginning of file.

FAILURE: Build failed with an exception.

* What went wrong:
Execution failed for task ':composeApp:compileKotlinWasmJs'.
> A failure occurred while executing org.jetbrains.kotlin.compilerRun
ner.GradleCompilerRunnerWithWorkers$GradleKotlinCompilerWorkAction
   > Compilation error. See log for more details

* Try:
> Run with --stacktrace option to get the stack trace.
> Run with --info or --debug option to get more log output.
> Run with --scan to get full insights.
> Get more help at https://help.gradle.org.

BUILD FAILED in 1s
33 actionable tasks: 4 executed, 29 up-to-date
Configuration cache entry reused.
