
> build_output_detailed.txt:337:./gradlew : e: file:///C:/Users/kubam
/Projekty/FieldBooking/SportsFie
  build_output_detailed.txt:338:ldBooking/composeApp/src/commonMain/k
otlin/org/pracainzynierska/sport
  build_output_detailed.txt:339:booking/App.kt:32:2 Syntax error: imp
orts are only allowed in the beg
> build_output_detailed.txt:346:    + CategoryInfo          : NotSpec
ified: (e: file:///C:/U...innin 
  build_output_detailed.txt:347:   g of file.:String) [], RemoteExcep
tion
  build_output_detailed.txt:348:    + FullyQualifiedErrorId : NativeC
ommandError
> build_output_detailed.txt:350:e: file:///C:/Users/kubam/Projekty/Fi
eldBooking/SportsFieldBooking/co
  build_output_detailed.txt:351:mposeApp/src/commonMain/kotlin/org/pr
acainzynierska/sportbooking/App.
  build_output_detailed.txt:352:kt:161:93 Argument type mismatch: act
ual type is 'SportApi', but 'Fun
> build_output_detailed.txt:354:e: file:///C:/Users/kubam/Projekty/Fi
eldBooking/SportsFieldBooking/co
  build_output_detailed.txt:355:mposeApp/src/commonMain/kotlin/org/pr
acainzynierska/sportbooking/App.
  build_output_detailed.txt:356:kt:161:98 Too many arguments for 'fun
 FacilityManagerScreen(facility:
> build_output_detailed.txt:358:e: file:///C:/Users/kubam/Projekty/Fi
eldBooking/SportsFieldBooking/co
  build_output_detailed.txt:359:mposeApp/src/commonMain/kotlin/org/pr
acainzynierska/sportbooking/App.
  build_output_detailed.txt:360:kt:161:113 Too many arguments for 'fu
n FacilityManagerScreen(facility
> build_output_detailed.txt:362:e: file:///C:/Users/kubam/Projekty/Fi
eldBooking/SportsFieldBooking/co
  build_output_detailed.txt:363:mposeApp/src/commonMain/kotlin/org/pr
acainzynierska/sportbooking/App.
  build_output_detailed.txt:364:kt:194:37 No parameter with name 'cur
rentUser' found.
> build_output_detailed.txt:365:e: file:///C:/Users/kubam/Projekty/Fi
eldBooking/SportsFieldBooking/co
  build_output_detailed.txt:366:mposeApp/src/commonMain/kotlin/org/pr
acainzynierska/sportbooking/App.
  build_output_detailed.txt:367:kt:205:2 Syntax error: Expecting '}'.
> build_output_detailed.txt:368:e: file:///C:/Users/kubam/Projekty/Fi
eldBooking/SportsFieldBooking/co
  build_output_detailed.txt:369:mposeApp/src/commonMain/kotlin/org/pr
acainzynierska/sportbooking/scre
  build_output_detailed.txt:370:ens/OwnerDashboardScreen.kt:21:2 Synt
ax error: imports are only allow


